// Jest Snapshot v1, https://goo.gl/fbAQLP

exports[`AppComponent snaps 1`] = `
<spa-root
  logger={[Function NGXLogger]}
  title={[Function String]}
>
  <div
    style="text-align:center"
  >
    <h1>
       Flight Search App 
    </h1>
  </div><nfl-async-state-indicator
    _nghost-a-c3=""
    indicator="bar"
    ng-reflect-indicator="bar"
  >
    
  </nfl-async-state-indicator><spa-search /><spa-result /><router-outlet />
</spa-root>
`;
